// Jest Snapshot v1, https://goo.gl/fbAQLP

exports[`Should render Add Expense Page correctly 1`] = `
<div>
  <div>
    <div
      class="page-header"
    >
      <div
        class="content-container"
      >
        <h1
          class="page-header__title"
        >
          Add Expense
        </h1>
      </div>
    </div>
    <div
      class="content-container"
    >
      <form
        class="form"
        data-testid="expense-form"
      >
        <input
          class="text-input"
          data-testid="description-input"
          placeholder="Description"
          type="text"
          value=""
        />
        <input
          class="text-input"
          data-testid="amount-input"
          placeholder="Amount"
          type="text"
          value=""
        />
        <div
          class="SingleDatePicker SingleDatePicker_1"
        >
          <div>
            <div
              class="SingleDatePickerInput SingleDatePickerInput_1 SingleDatePickerInput__withBorder SingleDatePickerInput__withBorder_2"
            >
              <div
                class="DateInput DateInput_1"
              >
                <input
                  aria-describedby="DateInput__screen-reader-message-date"
                  aria-label="Date"
                  autocomplete="off"
                  class="DateInput_input DateInput_input_1"
                  id="date"
                  name="date"
                  placeholder="Date"
                  type="text"
                  value="04/10/2024"
                />
                <p
                  class="DateInput_screenReaderMessage DateInput_screenReaderMessage_1"
                  id="DateInput__screen-reader-message-date"
                >
                  Navigate forward to interact with the calendar and select a date. Press the question mark key to get the keyboard shortcuts for changing dates.
                </p>
              </div>
            </div>
          </div>
        </div>
        <textarea
          class="textarea"
          data-testid="note-textarea"
          placeholder="Add a note for your expense (optional)"
        />
        <div>
          <button
            class="button"
            data-testid="expense-form-submit"
          >
            Save Expense
          </button>
        </div>
      </form>
    </div>
  </div>
</div>
`;
