// Jest Snapshot v1, https://goo.gl/fbAQLP

exports[`should render the dashboard page 1`] = `
<div>
  <div>
    <div>
      Mock ExpenseListFilters
    </div>
    <div>
      Mock ExpenseList
    </div>
  </div>
</div>
`;
