// Jest Snapshot v1, https://goo.gl/fbAQLP

exports[`Should render a list item with given expense 1`] = `
<div>
  <a
    class="list-item"
    href="/edit/1"
  >
    <div
      class="list-item__div"
    >
      <h3
        class="list-item__title"
      >
        Gum
      </h3>
      <span
        class="list-item__sub-title"
      >
        January 1st, 1970
      </span>
    </div>
    <h3
      class="list-item__data"
    >
      Rs.Â 140.00
    </h3>
  </a>
</div>
`;
