// Jest Snapshot v1, https://goo.gl/fbAQLP

exports[`Should render the login page correctly 1`] = `
<div>
  <div>
    <button>
      LOGIN
    </button>
  </div>
</div>
`;
