// Jest Snapshot v1, https://goo.gl/fbAQLP

exports[`Should reender NOTFOUND 1`] = `
<div>
  <div>
    404! - 
    <a
      href="/"
    >
      Go Home
    </a>
  </div>
</div>
`;
